node.exe : [33mThe CJS build of Vite's Node 
API is deprecated. See https://vite.dev/guide/tr
oubleshooting.html#vite-cjs-node-api-deprecated 
for more details.[39m
At C:\Program Files\nodejs\npx.ps1:29 char:3
+   & $NODE_EXE $NPX_CLI_JS $args
+   ~~~~~~~~~~~~~~~~~~~~~~~~~~~~~
    + CategoryInfo          : NotSpecified: ([ 
   33mThe CJS bu...e details.[39m:String) [],  
   RemoteException
    + FullyQualifiedErrorId : NativeCommandErro 
   r
 

[1m[46m RUN [49m[22m [36mv4.0.16 [39m[90mC:/Users/Owner/AntigravityProjects/lightview[39m

[90mstdout[2m | tests/hdom/loader.test.js[2m > [22m[2mHDOM Full Loader Tests[2m > [22m[2mshould load and parse user.odom with HDOM expressions
[22m[39m[DEBUG] Expression: $/app/user/activity/sum(purchases...)
[DEBUG] navPath: $/app/user/activity
[DEBUG] baseContext: { purchases: [ [33m5[39m, [33m10[39m, [33m15[39m ] }
[DEBUG] argsList: [ [32m'purchases...'[39m ]
[DEBUG] arg: purchases... -> resolved: { value: [90mundefined[39m, isExplosion: [33mtrue[39m }

[90mstdout[2m | tests/hdom/loader.test.js[2m > [22m[2mHDOM Full Loader Tests[2m > [22m[2mshould load and parse user.odom with HDOM expressions
[22m[39mODOM Output: <div class="profile odom"><h2>Alice</h2><div class="stats"><span>Score: 100</span><span>Level: 5</span><span>Activity Total: 0</span></div></div>

 [31mΓ¥»[39m tests/hdom/loader.test.js [2m([22m[2m4 tests[22m[2m | [22m[31m1 failed[39m[2m)[22m[32m 47[2mms[22m[39m
     [32mΓ£ô[39m should load and parse user.vdom with HDOM expressions[32m 22[2mms[22m[39m
[31m     [31m├ù[31m should load and parse user.odom with HDOM expressions[39m[32m 17[2mms[22m[39m
     [32mΓ£ô[39m should load and parse user.hdom (JSON ODOM file)[32m 3[2mms[22m[39m
     [32mΓ£ô[39m should load and parse user.hdomc (Unquoted Properties/Expressions)[32m 3[2mms[22m[39m

[31mΓÄ»ΓÄ»ΓÄ»ΓÄ»ΓÄ»ΓÄ»ΓÄ»[39m[1m[41m Failed 
Tests 1 
[49m[22m[31mΓÄ»ΓÄ»ΓÄ»ΓÄ»ΓÄ»ΓÄ»ΓÄ»[39m

[41m[1m FAIL [22m[49m 
tests/hdom/loader.test.js[2m > [22mHDOM Full 
Loader Tests[2m > [22mshould load and parse 
user.odom with HDOM expressions
[31m[1mAssertionError[22m: expected '<div 
class="profile odom"><h2>Alice</ΓÇª' to contain 
'Activity Total: 30'[39m

Expected: [32m"Activity Total: 30"[39m
Received: [31m"<div class="profile 
odom"><h2>Alice</h2><div 
class="stats"><span>Score: 
100</span><span>Level: 5</span><span>Activity 
Total: 0</span></div></div>"[39m

[36m [2mΓ¥»[22m 
tests/hdom/loader.test.js:[2m93:22[22m[39m
    [90m 91| [39m        [34mexpect[39m(html
)[33m.[39m[34mtoContain[39m([32m'Level: 
5'[39m)[33m;[39m
    [90m 92| [39m        [90m// Activity: 
purchases [5, 10, 15] -> sum = 30[39m
    [90m 93| [39m        [34mexpect[39m(html
)[33m.[39m[34mtoContain[39m([32m'Activity 
Total: 30'[39m)[33m;[39m
    [90m   | [39m                     
[31m^[39m
    [90m 94| [39m    })[33m;[39m
    [90m 95| [39m

[31m[2mΓÄ»ΓÄ»ΓÄ»ΓÄ»ΓÄ»ΓÄ»ΓÄ»ΓÄ»ΓÄ»ΓÄ»ΓÄ»ΓÄ»ΓÄ»
ΓÄ»ΓÄ»ΓÄ»ΓÄ»ΓÄ»ΓÄ»ΓÄ»ΓÄ»ΓÄ»ΓÄ»ΓÄ»[1/1]ΓÄ»[22m[
39m


[2m Test Files [22m [1m[31m1 failed[39m[22m[90m (1)[39m
[2m      Tests [22m [1m[31m1 failed[39m[22m[2m | [22m[1m[32m3 passed[39m[22m[90m (4)[39m
[2m   Start at [22m 07:55:38
[2m   Duration [22m 1.41s[2m (transform 110ms, setup 0ms, import 227ms, tests 47ms, environment 918ms)[22m

